// Jest Snapshot v1, https://goo.gl/fbAQLP

exports[`build script works correctly 1`] = `"Successfully built. See bundle directory."`;

exports[`build script works correctly 2`] = `""`;
