// Jest Snapshot v1, https://goo.gl/fbAQLP

exports[`RenderApp works correctly 1`] = `
"<html lang=\\"en\\">
  <head><meta content=\\"test-value\\" name=\\"test\\"/><title></title><link crossorigin=\\"same-origin\\" href=\\"test\\" rel=\\"stylesheet\\"/><link href=\\"test2\\" rel=\\"stylesheet\\"/></head>
  <body>
    <div id=\\"app\\"></div>
    
  </body>
</html>"
`;
