// Jest Snapshot v1, https://goo.gl/fbAQLP

exports[`start script works correctly 1`] = `
"Starting the development server...

Compiled successfully!"
`;

exports[`start script works correctly 2`] = `""`;
